// Jest Snapshot v1, https://goo.gl/fbAQLP

exports[`test the Country component matches the snapshot 1`] = `
<div
  className="country"
>
  <img
    alt="flag"
    className="flag-country"
  />
  <p
    className="h2 p"
  >
    Morocco
  </p>
  <p
    className="p"
  >
    pp: 
  </p>
  <p
    className="p"
  >
    Region: 
  </p>
</div>
`;
